   Compiling proc-macro2 v1.0.106
   Compiling quote v1.0.45
   Compiling unicode-ident v1.0.24
   Compiling cfg-if v1.0.4
   Compiling version_check v0.9.5
   Compiling windows-link v0.2.1
   Compiling syn v2.0.117
   Compiling autocfg v1.5.0
   Compiling once_cell v1.21.3
   Compiling bitflags v2.11.0
   Compiling libm v0.2.16
   Compiling getrandom v0.3.4
   Compiling num-traits v0.2.19
   Compiling smallvec v1.15.1
   Compiling windows_x86_64_msvc v0.52.6
   Compiling jobserver v0.1.34
   Compiling log v0.4.29
   Compiling find-msvc-tools v0.1.9
   Compiling zerocopy v0.8.42
   Compiling shlex v1.3.0
   Compiling cc v1.2.56
   Compiling zerocopy-derive v0.8.42
   Compiling windows-sys v0.61.2
   Compiling pin-project-lite v0.2.17
   Compiling windows-targets v0.52.6
   Compiling getrandom v0.2.17
   Compiling bytemuck_derive v1.10.2
   Compiling arrayvec v0.7.6
   Compiling winapi v0.3.9
   Compiling khronos_api v3.1.0
   Compiling bytemuck v1.25.0
   Compiling typenum v1.19.0
   Compiling generic-array v0.14.7
   Compiling bytes v1.11.1
   Compiling futures-core v0.3.32
   Compiling xml-rs v0.8.28
   Compiling gl_generator v0.14.0
   Compiling synstructure v0.13.2
   Compiling raw-window-handle v0.6.2
   Compiling thiserror v1.0.69
   Compiling rand_core v0.6.4
   Compiling thiserror-impl v1.0.69
   Compiling ahash v0.8.12
   Compiling futures-sink v0.3.32
   Compiling memchr v2.8.0
   Compiling pkg-config v0.3.32
   Compiling futures-channel v0.3.32
   Compiling zerofrom-derive v0.1.6
   Compiling yoke-derive v0.8.1
   Compiling zerofrom v0.1.6
   Compiling socket2 v0.6.3
   Compiling mio v1.1.1
   Compiling futures-macro v0.3.32
   Compiling tokio-macros v2.6.1
   Compiling stable_deref_trait v1.2.1
   Compiling futures-task v0.3.32
   Compiling libc v0.2.183
   Compiling futures-io v0.3.32
   Compiling slab v0.4.12
   Compiling futures-util v0.3.32
   Compiling tokio v1.50.0
   Compiling yoke v0.8.1
   Compiling crypto-common v0.1.7
   Compiling parking_lot_core v0.9.12
   Compiling subtle v2.6.1
   Compiling euclid v0.22.13
   Compiling displaydoc v0.2.5
   Compiling tracing-attributes v0.1.31
   Compiling zerovec-derive v0.11.2
   Compiling tracing-core v0.1.36
   Compiling scopeguard v1.2.0
   Compiling crc32fast v1.5.0
   Compiling smol_str v0.2.2
   Compiling simd-adler32 v0.3.8
   Compiling siphasher v1.0.2
   Compiling crossbeam-utils v0.8.21
   Compiling phf_shared v0.11.3
   Compiling rand v0.8.5
   Compiling lock_api v0.4.14
   Compiling tracing v0.1.44
   Compiling zerovec v0.11.5
   Compiling libloading v0.8.9
   Compiling cfg_aliases v0.1.1
   Compiling syn v1.0.109
   Compiling cfg_aliases v0.2.1
   Compiling unicode-segmentation v1.12.0
   Compiling parking_lot v0.12.5
   Compiling phf_generator v0.11.3
   Compiling adler2 v2.0.1
   Compiling rustc-hash v1.1.0
   Compiling profiling v1.0.17
   Compiling winreg v0.10.1
   Compiling crossbeam-epoch v0.9.18
   Compiling miniz_oxide v0.8.9
   Compiling phf_macros v0.11.3
   Compiling font-types v0.7.3
   Compiling slotmap v1.1.1
   Compiling dark-light v1.1.1
   Compiling by_address v1.2.1
   Compiling palette v0.7.6
   Compiling web-time v1.1.0
   Compiling allocator-api2 v0.2.21
   Compiling rayon-core v1.13.0
   Compiling hashbrown v0.14.5
^C