   Compiling syn v2.0.117
   Compiling cfg-if v1.0.4
   Compiling getrandom v0.3.4
   Compiling num-traits v0.2.19
   Compiling windows_x86_64_msvc v0.52.6
   Compiling jobserver v0.1.34
    Checking log v0.4.29
   Compiling find-msvc-tools v0.1.9
   Compiling zerocopy v0.8.42
   Compiling shlex v1.3.0
   Compiling zerocopy-derive v0.8.42
   Compiling cc v1.2.56
    Checking windows-sys v0.61.2
    Checking pin-project-lite v0.2.17
    Checking windows-targets v0.52.6
    Checking getrandom v0.2.17
   Compiling bytemuck_derive v1.10.2
    Checking arrayvec v0.7.6
   Compiling winapi v0.3.9
    Checking bytemuck v1.25.0
   Compiling khronos_api v3.1.0
   Compiling typenum v1.19.0
   Compiling generic-array v0.14.7
    Checking bytes v1.11.1
    Checking futures-core v0.3.32
   Compiling xml-rs v0.8.28
   Compiling gl_generator v0.14.0
   Compiling synstructure v0.13.2
    Checking raw-window-handle v0.6.2
error: could not compile `synstructure` (lib)
